// Jest Snapshot v1, https://goo.gl/fbAQLP

exports[`SearchField SearchField should match snapshot 1`] = `
<input
  autoComplete="off"
  className="field search"
  id="search-field"
  name="search-field"
  onBlur={[Function]}
  onChange={[Function]}
  onFocus={[Function]}
  onKeyUp={[Function]}
  placeholder="Zugnummer eingeben"
  type="search"
/>
`;
